// Jest Snapshot v1, https://goo.gl/fbAQLP

exports[`should render NotFoundPage correctly 1`] = `
<div>
  No match for 
  <code>
    localhost:3000/example/path
  </code>
   
  <Link
    to="/"
  >
    Go home
  </Link>
</div>
`;
